// Jest Snapshot v1, https://goo.gl/fbAQLP

exports[`Title component Title matches the snapshot 1`] = `
<div
  className="row"
>
  <div
    className="col-12"
  >
    <nav
      className="navbar navbar-light bg-light"
    >
      <h1>
        <a
          href="/"
          onClick={[Function]}
        />
      </h1>
      
      <a
        className=""
        href="/Login"
        onClick={[Function]}
      >
        <span
          className="logInIcon"
        />
      </a>
    </nav>
  </div>
</div>
`;

exports[`Title is rendered 1`] = `
<div
  className="row"
>
  <div
    className="col-12"
  >
    <nav
      className="navbar navbar-light bg-light"
    >
      <h1>
        <a
          href="/"
          onClick={[Function]}
        />
      </h1>
      
      <a
        className=""
        href="/Login"
        onClick={[Function]}
      >
        <span
          className="logInIcon"
        />
      </a>
    </nav>
  </div>
</div>
`;

exports[`Title it matches the snapshot 1`] = `
<div
  className="row"
>
  <div
    className="col-12"
  >
    <nav
      className="navbar navbar-light bg-light"
    >
      <h1>
        <a
          href="/"
          onClick={[Function]}
        />
      </h1>
      
      <a
        className=""
        href="/Login"
        onClick={[Function]}
      >
        <span
          className="logInIcon"
        />
      </a>
    </nav>
  </div>
</div>
`;

exports[`Title matches the snapshot 1`] = `
<div
  className="row"
>
  <div
    className="col-12"
  >
    <nav
      className="navbar navbar-light bg-light"
    >
      <h1>
        <a
          href="/"
          onClick={[Function]}
        />
      </h1>
      
      <a
        className=""
        href="/Login"
        onClick={[Function]}
      >
        <span
          className="logInIcon"
        />
      </a>
    </nav>
  </div>
</div>
`;
